
Memory Configuration

Name             Origin             Length             Attributes
RAM              0x0000000000008000 0x0000000000100000 xrw
*default*        0x0000000000000000 0xffffffffffffffff

Linker script and memory map

LOAD build/mailbox.o
LOAD build/main.o
LOAD build/counter.o
LOAD build/led.o
LOAD build/nimBlink.o
LOAD ./libcsud.a

.init           0x0000000000008000        0x8
 *(.init)
 .init          0x0000000000008000        0x8 build/main.o
                0x0000000000008000                _start

.text           0x0000000000008008      0x114
 *(.text)
 .text          0x0000000000008008       0x4c build/mailbox.o
                0x0000000000008008                mailbox_write
                0x0000000000008020                mailbox_read
 .text          0x0000000000008054       0x2c build/main.o
 .text          0x0000000000008080       0x20 build/counter.o
                0x0000000000008080                delay
 .text          0x00000000000080a0       0x3c build/led.o
                0x00000000000080a0                set_led_state
 .text          0x00000000000080dc       0x40 build/nimBlink.o
                0x00000000000080dc                nim

.glue_7         0x000000000000811c        0x0
 .glue_7        0x000000000000811c        0x0 linker stubs

.glue_7t        0x000000000000811c        0x0
 .glue_7t       0x000000000000811c        0x0 linker stubs

.vfp11_veneer   0x000000000000811c        0x0
 .vfp11_veneer  0x000000000000811c        0x0 linker stubs

.v4_bx          0x000000000000811c        0x0
 .v4_bx         0x000000000000811c        0x0 linker stubs

.iplt           0x000000000000811c        0x0
 .iplt          0x000000000000811c        0x0 build/main.o

.rel.dyn        0x000000000000811c        0x0
 .rel.iplt      0x000000000000811c        0x0 build/main.o

.data           0x0000000000008120       0x24
 *(.data)
 .data          0x0000000000008120        0x0 build/mailbox.o
 .data          0x0000000000008120        0x0 build/main.o
 .data          0x0000000000008120        0x0 build/counter.o
 .data          0x0000000000008120       0x24 build/led.o
 .data          0x0000000000008144        0x0 build/nimBlink.o
OUTPUT(build/output.elf elf32-littlearm)
LOAD linker stubs

.igot.plt       0x0000000000008144        0x0
 .igot.plt      0x0000000000008144        0x0 build/main.o

.bss            0x0000000000008144        0x0
 .bss           0x0000000000008144        0x0 build/mailbox.o
 .bss           0x0000000000008144        0x0 build/main.o
 .bss           0x0000000000008144        0x0 build/counter.o
 .bss           0x0000000000008144        0x0 build/led.o
 .bss           0x0000000000008144        0x0 build/nimBlink.o

.ARM.attributes
                0x0000000000000000       0x12
 .ARM.attributes
                0x0000000000000000       0x12 build/mailbox.o
 .ARM.attributes
                0x0000000000000012       0x12 build/main.o
 .ARM.attributes
                0x0000000000000024       0x12 build/counter.o
 .ARM.attributes
                0x0000000000000036       0x12 build/led.o
 .ARM.attributes
                0x0000000000000048       0x12 build/nimBlink.o
